[walkfresh.co.za/index.html]
[backblue.gif]
[fade.gif]
[index.html]
[walkfresh.co.za/wp-admin/admin-ajax.php]
[www.google-analytics.com/analytics.js]
[walkfresh.co.za/feed/index.html]
[walkfresh.co.za/linkid.3.delayed]
[walkfresh.co.za/comments/feed/index.html]
[walkfresh.co.za/wp-includes/css/dist/block-library/style.min03ec.css]
[walkfresh.co.za/front-page/home/feed/index.html]
[walkfresh.co.za/wp-content/plugins/woocommerce/assets/css/blocks/style3ab2.css]
[walkfresh.co.za/wp-content/plugins/contact-form-7/includes/css/stylesaead.css]
[walkfresh.co.za/wp-content/plugins/revslider/public/assets/css/settings23da.css]
[walkfresh.co.za/wp-content/plugins/woocommerce/assets/css/woocommerce-layout3ab2.css]
[walkfresh.co.za/wp-content/plugins/woocommerce/assets/css/woocommerce-smallscreen3ab2.css]
[walkfresh.co.za/wp-content/plugins/woocommerce/assets/css/woocommerce3ab2.css]
[walkfresh.co.za/wp-content/themes/betheme/css/base7172.css]
[walkfresh.co.za/wp-content/themes/betheme/css/layout7172.css]
[walkfresh.co.za/wp-content/themes/betheme/css/shortcodes7172.css]
[walkfresh.co.za/wp-content/themes/betheme/assets/animations/animations.min7172.css]
[walkfresh.co.za/wp-content/themes/betheme/assets/ui/jquery.ui.all7172.css]
[walkfresh.co.za/wp-content/themes/betheme/assets/jplayer/css/jplayer.blue.monday7172.css]
[walkfresh.co.za/wp-content/themes/betheme/css/responsive7172.css]
[walkfresh.co.za/wp-content/themes/betheme/css/woocommerce7172.css]
[walkfresh.co.za/wp-content/plugins/google-analytics-for-wordpress/assets/js/frontend.mincaaa.js]
[walkfresh.co.za/wp-includes/js/jquery/jquery4a5f.js]
[walkfresh.co.za/wp-content/plugins/revslider/public/assets/js/jquery.themepunch.revolution.min23da.js]
[walkfresh.co.za/wp-content/plugins/woocommerce/assets/js/jquery-blockui/jquery.blockUI.min44fd.js]
[walkfresh.co.za/wp-content/plugins/revslider/public/assets/js/jquery.themepunch.tools.min23da.js]
[walkfresh.co.za/wp-content/plugins/woocommerce/assets/js/frontend/add-to-cart.min3ab2.js]
[walkfresh.co.za/wp-content/plugins/js_composer/assets/js/vendors/woocommerce-add-to-cart4245.js]
[walkfresh.co.za/wp-includes/js/jquery/jquery-migrate.min330a.js]
[walkfresh.co.za/xmlrpc0db0.php]
[walkfresh.co.za/wp-includes/wlwmanifest.xml]
[walkfresh.co.za/wp-json/oembed/1.0/embedd480.json]
[walkfresh.co.za/wp-json/index.html]
[walkfresh.co.za/wp-json/oembed/1.0/embed58ee]
[connect.facebook.net/en_US/fbevents.js]
[walkfresh.co.za/wp-content/uploads/2018/07/cropped-WF-Logo-1-32x32.png]
[walkfresh.co.za/wp-content/uploads/2018/07/cropped-WF-Logo-1-192x192.png]
[walkfresh.co.za/wp-content/uploads/2018/07/cropped-WF-Logo-1-180x180.png]
[walkfresh.co.za/wp-content/uploads/2019/05/logo-e1557831528429.png]
[walkfresh.co.za/wp-content/uploads/2019/09/1.-Landing-page.jpg]
[walkfresh.co.za/wp-content/uploads/2019/09/icon3.png]
[walkfresh.co.za/front-page/services/index.html]
[walkfresh.co.za/wp-content/uploads/2019/09/icon2.png]
[walkfresh.co.za/front-page/events/index.html]
[walkfresh.co.za/front-page/about-us/index.html]
[walkfresh.co.za/front-page/drop-off-points/index.html]
[walkfresh.co.za/shop/index.html]
[walkfresh.co.za/wp-content/uploads/2019/09/icon.png]
[walkfresh.co.za/cart/index.html]
[connect.facebook.net/en_US/sdk/xfbml.customerchat.js]
[walkfresh.co.za/wp-content/plugins/js_composer/assets/css/js_composer.min4245.css]
[walkfresh.co.za/wp-content/plugins/contact-form-7/includes/js/scriptsaead.js]
[walkfresh.co.za/wp-content/plugins/woocommerce/assets/js/js-cookie/js.cookie.min6b25.js]
[walkfresh.co.za/wp-content/plugins/woocommerce/assets/js/frontend/woocommerce.min3ab2.js]
[walkfresh.co.za/wp-content/plugins/woocommerce/assets/js/frontend/cart-fragments.min3ab2.js]
[walkfresh.co.za/wp-includes/js/jquery/ui/core.mine899.js]
[walkfresh.co.za/wp-includes/js/jquery/ui/widget.mine899.js]
[walkfresh.co.za/wp-includes/js/jquery/ui/mouse.mine899.js]
[walkfresh.co.za/wp-includes/js/jquery/ui/sortable.mine899.js]
[walkfresh.co.za/wp-includes/js/jquery/ui/tabs.mine899.js]
[walkfresh.co.za/wp-includes/js/jquery/ui/accordion.mine899.js]
[walkfresh.co.za/wp-content/themes/betheme/js/plugins7172.js]
[walkfresh.co.za/wp-content/themes/betheme/assets/animations/animations.min7172.js]
[walkfresh.co.za/wp-content/themes/betheme/assets/jplayer/jplayer.min7172.js]
[walkfresh.co.za/wp-content/themes/betheme/js/parallax/translate3d7172.js]
[walkfresh.co.za/wp-content/themes/betheme/js/parallax/smoothscroll7172.js]
[walkfresh.co.za/wp-content/themes/betheme/js/scripts7172.js]
[walkfresh.co.za/wp-includes/js/comment-reply.min03ec.js]
[walkfresh.co.za/wp-includes/js/wp-embed.min03ec.js]
[walkfresh.co.za/wp-content/plugins/js_composer/assets/js/dist/js_composer_front.min4245.js]
[walkfresh.co.za/index.html]
[grtesting.co.za/walk/website/wp-content/uploads/2019/05/logo-e1557831528429.html]
[walkfresh.co.za/wp-admin/admin-ajax.html]
[walkfresh.co.za/linkid.html]
[walkfresh.co.za/wp-includes/css/dist/block-library/style.min03ec.css]
[walkfresh.co.za/wp-content/plugins/woocommerce/assets/css/blocks/style3ab2.css]
[walkfresh.co.za/wp-content/plugins/contact-form-7/images/ajax-loader.gif]
[walkfresh.co.za/wp-content/plugins/contact-form-7/includes/css/stylesaead.css]
[walkfresh.co.za/wp-content/plugins/revslider/public/assets/fonts/revicons/revicons90c6.eot]
[walkfresh.co.za/wp-content/plugins/revslider/public/assets/fonts/revicons/revicons90c6.woff]
[walkfresh.co.za/wp-content/plugins/revslider/public/assets/fonts/revicons/revicons90c6.ttf]
[walkfresh.co.za/wp-content/plugins/revslider/public/assets/fonts/revicons/revicons90c6.svg]
[walkfresh.co.za/wp-content/plugins/revslider/public/assets/css/openhand.cur]
[walkfresh.co.za/wp-content/plugins/revslider/public/assets/css/closedhand.cur]
[walkfresh.co.za/wp-content/plugins/revslider/public/assets/assets/gridtile.png]
[walkfresh.co.za/wp-content/plugins/revslider/public/assets/assets/gridtile_white.png]
[walkfresh.co.za/wp-content/plugins/revslider/public/assets/assets/gridtile_3x3.png]
[walkfresh.co.za/wp-content/plugins/revslider/public/assets/assets/gridtile_3x3_white.png]
[walkfresh.co.za/wp-content/plugins/revslider/public/assets/assets/coloredbg.png]
[walkfresh.co.za/wp-content/plugins/revslider/public/assets/assets/loader.gif]
[walkfresh.co.za/wp-content/plugins/revslider/public/assets/css/settings23da.css]
[walkfresh.co.za/wp-content/plugins/woocommerce/assets/css/woocommerce-layout3ab2.css]
[walkfresh.co.za/wp-content/plugins/woocommerce/assets/css/woocommerce-smallscreen3ab2.css]
[walkfresh.co.za/wp-content/plugins/woocommerce/assets/fonts/star.eot]
[walkfresh.co.za/wp-content/plugins/woocommerce/assets/fonts/stard41d.eot]
[walkfresh.co.za/wp-content/plugins/woocommerce/assets/fonts/star.woff]
[walkfresh.co.za/wp-content/plugins/woocommerce/assets/fonts/star.ttf]
[walkfresh.co.za/wp-content/plugins/woocommerce/assets/fonts/star.svg]
[walkfresh.co.za/wp-content/plugins/woocommerce/assets/fonts/WooCommerce.eot]
[walkfresh.co.za/wp-content/plugins/woocommerce/assets/fonts/WooCommerced41d.eot]
[walkfresh.co.za/wp-content/plugins/woocommerce/assets/fonts/WooCommerce.woff]
[walkfresh.co.za/wp-content/plugins/woocommerce/assets/fonts/WooCommerce.ttf]
[walkfresh.co.za/wp-content/plugins/woocommerce/assets/fonts/WooCommerce.svg]
[walkfresh.co.za/wp-content/plugins/woocommerce/assets/images/icons/credit-cards/visa.svg]
[walkfresh.co.za/wp-content/plugins/woocommerce/assets/images/icons/credit-cards/mastercard.svg]
[walkfresh.co.za/wp-content/plugins/woocommerce/assets/images/icons/credit-cards/laser.svg]
[walkfresh.co.za/wp-content/plugins/woocommerce/assets/images/icons/credit-cards/diners.svg]
[walkfresh.co.za/wp-content/plugins/woocommerce/assets/images/icons/credit-cards/maestro.svg]
[walkfresh.co.za/wp-content/plugins/woocommerce/assets/images/icons/credit-cards/jcb.svg]
[walkfresh.co.za/wp-content/plugins/woocommerce/assets/images/icons/credit-cards/amex.svg]
[walkfresh.co.za/wp-content/plugins/woocommerce/assets/images/icons/credit-cards/discover.svg]
[walkfresh.co.za/wp-content/plugins/woocommerce/assets/css/woocommerce3ab2.css]
[walkfresh.co.za/wp-content/themes/betheme/style7172.css]
[walkfresh.co.za/wp-content/themes/betheme/images/box_shadow_button.png]
[walkfresh.co.za/wp-content/themes/betheme/fonts/mfn-icons28cd.eot]
[walkfresh.co.za/wp-content/themes/betheme/fonts/mfn-icons28cd.woff]
[walkfresh.co.za/wp-content/themes/betheme/fonts/mfn-icons28cd.svg]
[walkfresh.co.za/wp-content/themes/betheme/images/contact_form_error.png]
[walkfresh.co.za/wp-content/themes/betheme/images/bg_panel.png]
[walkfresh.co.za/wp-content/themes/betheme/images/stripes/stripes_5_b.png]
[walkfresh.co.za/wp-content/themes/betheme/css/base7172.css]
[walkfresh.co.za/wp-content/themes/betheme/images/stripes/stripes_3_b.png]
[walkfresh.co.za/wp-content/themes/betheme/images/box_shadow.png]
[walkfresh.co.za/wp-content/themes/betheme/images/preloader.gif]
[walkfresh.co.za/wp-content/themes/betheme/images/blockquote.png]
[walkfresh.co.za/wp-content/themes/betheme/images/link.png]
[walkfresh.co.za/wp-content/themes/betheme/images/top_bar_right_shadow.png]
[walkfresh.co.za/wp-content/themes/betheme/images/blog_masonry_tile_gradient.png]
[walkfresh.co.za/wp-content/themes/betheme/images/timeline_right.png]
[walkfresh.co.za/wp-content/themes/betheme/images/photo.png]
[walkfresh.co.za/wp-content/themes/betheme/images/recent_comments.png]
[walkfresh.co.za/wp-content/themes/betheme/images/stripes/stripes_10_w.png]
[walkfresh.co.za/wp-content/themes/betheme/images/videomask.png]
[walkfresh.co.za/wp-content/themes/betheme/images/stripes/textline_dark.png]
[walkfresh.co.za/wp-content/themes/betheme/images/blockquote_dark.png]
[walkfresh.co.za/wp-content/themes/betheme/images/fancy_heading_hr_dark.png]
[walkfresh.co.za/wp-content/themes/betheme/css/layout7172.css]
[walkfresh.co.za/wp-content/themes/betheme/images/stripes/textline.png]
[walkfresh.co.za/wp-content/themes/betheme/images/icons/list_check.png]
[walkfresh.co.za/wp-content/themes/betheme/images/icons/list_star.png]
[walkfresh.co.za/wp-content/themes/betheme/images/icons/list_idea.png]
[walkfresh.co.za/wp-content/themes/betheme/images/stripes/stripes_10_b.png]
[walkfresh.co.za/wp-content/themes/betheme/images/progressbar.png]
[walkfresh.co.za/wp-content/themes/betheme/images/timeline_top.png]
[walkfresh.co.za/wp-content/themes/betheme/images/timeline_left.png]
[walkfresh.co.za/wp-content/themes/betheme/images/fancy_heading_hr.png]
[walkfresh.co.za/wp-content/themes/betheme/css/shortcodes7172.css]
[walkfresh.co.za/wp-content/themes/betheme/assets/animations/animations.min7172.css]
[walkfresh.co.za/wp-content/themes/betheme/assets/ui/images/ui-icons_222222_256x240.png]
[walkfresh.co.za/wp-content/themes/betheme/assets/ui/images/ui-bg_flat_0_aaaaaa_40x100.png]
[walkfresh.co.za/wp-content/themes/betheme/assets/ui/images/bg_widget_header.png]
[walkfresh.co.za/wp-content/themes/betheme/assets/ui/images/bg_widget_header_active.png]
[walkfresh.co.za/wp-content/themes/betheme/assets/ui/images/ui-bg_flat_75_ffffff_40x100.png]
[walkfresh.co.za/wp-content/themes/betheme/assets/ui/images/ui-bg_glass_55_fbf9ee_1x400.png]
[walkfresh.co.za/wp-content/themes/betheme/assets/ui/images/ui-bg_glass_95_fef1ec_1x400.png]
[walkfresh.co.za/wp-content/themes/betheme/assets/ui/images/ui-icons_888888_256x240.png]
[walkfresh.co.za/wp-content/themes/betheme/assets/ui/images/ui-icons_2e83ff_256x240.png]
[walkfresh.co.za/wp-content/themes/betheme/assets/ui/images/ui-icons_cd0a0a_256x240.png]
[walkfresh.co.za/wp-content/themes/betheme/assets/ui/jquery.ui.all7172.css]
[walkfresh.co.za/wp-content/themes/betheme/assets/ui/images/ui-icons_454545_256x240.png]
[walkfresh.co.za/wp-content/themes/betheme/assets/jplayer/css/jplayer.png]
[walkfresh.co.za/wp-content/themes/betheme/assets/jplayer/css/jplayer.blue.monday.jpg]
[walkfresh.co.za/wp-content/themes/betheme/assets/jplayer/css/jplayer.blue.monday.seeking.gif]
[walkfresh.co.za/wp-content/themes/betheme/assets/jplayer/css/jplayer.blue.monday7172.css]
[walkfresh.co.za/wp-content/themes/betheme/css/responsive7172.css]
[walkfresh.co.za/wp-content/themes/betheme/images/shop-loader.gif]
[walkfresh.co.za/wp-content/themes/betheme/css/woocommerce7172.css]
[grtesting.co.za/walk/website/wp-content/uploads/2018/06/home_company3_header1.html]
[grtesting.co.za/walk/site/wp-content/uploads/2018/06/IMG_0216.html]
[walkfresh.co.za/POST]
[connect.facebook.net/en_US/fbevents.js]
[walkfresh.co.za/front-page/services/linkid.js]
[walkfresh.co.za/wp-json/oembed/1.0/embed3a84.json]
[walkfresh.co.za/wp-json/oembed/1.0/embedbaf7]
[walkfresh.co.za/front-page/services/index.html]
[walkfresh.co.za/wp-content/uploads/2019/09/2.-Prices-page.jpg]
[walkfresh.co.za/front-page/drop-off-points/linkid.js]
[walkfresh.co.za/wp-json/oembed/1.0/embedb1d4.json]
[walkfresh.co.za/wp-json/oembed/1.0/embed0a2f]
[walkfresh.co.za/wp-content/uploads/2019/09/3.-Drop-off-points.jpg]
[walkfresh.co.za/front-page/drop-off-points/index.html]
[walkfresh.co.za/front-page/about-us/linkid.js]
[walkfresh.co.za/wp-json/oembed/1.0/embede977.json]
[walkfresh.co.za/wp-json/oembed/1.0/embed9264]
[walkfresh.co.za/wp-content/uploads/2019/09/4.-About-us-1.jpg]
[walkfresh.co.za/front-page/about-us/index.html]
[walkfresh.co.za/front-page/events/linkid.js]
[walkfresh.co.za/wp-json/oembed/1.0/embed98f9.json]
[walkfresh.co.za/wp-json/oembed/1.0/embed8cd8]
[walkfresh.co.za/wp-content/uploads/2019/09/5.-Events.jpg]
[walkfresh.co.za/front-page/events/index.html]
[walkfresh.co.za/shop/linkid.js]
[walkfresh.co.za/shop/feed/index.html]
[walkfresh.co.za/product/high-heel-shoe-shining/index.html]
[walkfresh.co.za/wp-content/uploads/2018/06/03A26F0E-522C-4F77-84B5-D3E09E1479B3-300x300.jpg]
[walkfresh.co.za/wp-content/uploads/2018/06/IMG_0330-1-300x300.jpg]
[walkfresh.co.za/wp-content/uploads/2018/06/IMG_0138-300x300.jpg]
[walkfresh.co.za/shop/index.html]
[walkfresh.co.za/shop/index5e8b.html]
[walkfresh.co.za/product/sneaker-cleaning/index.html]
[walkfresh.co.za/shop/indexc042.html]
[walkfresh.co.za/product/suede-nubuck-cleaning/index.html]
[walkfresh.co.za/cart/linkid.a7.delayed]
[walkfresh.co.za/cart/feed/index.html]
[walkfresh.co.za/wp-content/plugins/woocommerce/assets/css/select23ab2.css]
[walkfresh.co.za/shop/index539e.html]
[walkfresh.co.za/wp-includes/js/zxcvbn-async.min5152.js]
[walkfresh.co.za/wp-json/oembed/1.0/embeda56a.json]
[walkfresh.co.za/wp-json/oembed/1.0/embed2d9f]
[walkfresh.co.za/wp-content/plugins/woocommerce/assets/js/frontend/country-select.min3ab2.js]
[walkfresh.co.za/wp-content/plugins/woocommerce/assets/js/frontend/address-i18n.min3ab2.js]
[walkfresh.co.za/wp-content/plugins/woocommerce/assets/js/frontend/cart.min3ab2.js]
[walkfresh.co.za/wp-content/plugins/woocommerce/assets/js/selectWoo/selectWoo.full.min0ba6.js]
[walkfresh.co.za/wp-admin/js/password-strength-meter.min03ec.js]
[walkfresh.co.za/wp-content/plugins/woocommerce/assets/js/frontend/password-strength-meter.min3ab2.js]
[walkfresh.co.za/cart/index.html]
[grtesting.co.za/walk/website/wp-content/uploads/2019/05/watermark-2.html]
[walkfresh.co.za/^([^_/indexd41d.html]
[walkfresh.co.za/restserver.php]
[walkfresh.co.za/ABCDEFGHIJKLMNOPQRSTUVWXYZabcdefghijklmnopqrstuvwxyz0123456789+/index.html]
[walkfresh.co.za/GET.b3.delayed]
[connect.facebook.net/en_US/sdk/xfbml.customerchat.js]
[walkfresh.co.za/wp-content/plugins/js_composer/assets/vc/alert.png]
[walkfresh.co.za/wp-content/plugins/js_composer/assets/vc/info.png]
[walkfresh.co.za/dialog/index.html]
[walkfresh.co.za/wp-content/plugins/js_composer/assets/vc/tick.png]
[walkfresh.co.za/wp-content/plugins/js_composer/assets/vc/exclamation.png]
[walkfresh.co.za/wp-content/plugins/js_composer/assets/images/icons/address-book.png]
[walkfresh.co.za/wp-content/plugins/js_composer/assets/images/icons/alarm-clock.png]
[walkfresh.co.za/wp-content/plugins/js_composer/assets/images/icons/anchor.png]
[walkfresh.co.za/wp-content/plugins/js_composer/assets/images/icons/application-image.png]
[walkfresh.co.za/wp-content/plugins/js_composer/assets/images/icons/arrow.png]
[walkfresh.co.za/wp-content/plugins/js_composer/assets/images/icons/asterisk.png]
[walkfresh.co.za/wp-content/plugins/js_composer/assets/images/icons/auction-hammer.png]
[walkfresh.co.za/wp-content/plugins/js_composer/assets/images/icons/balloon.png]
[walkfresh.co.za/wp-content/plugins/js_composer/assets/images/icons/balloon-buzz.png]
[walkfresh.co.za/wp-content/plugins/js_composer/assets/images/icons/balloon-facebook.png]
[walkfresh.co.za/wp-content/plugins/js_composer/assets/images/icons/balloon-twitter.png]
[walkfresh.co.za/wp-content/plugins/js_composer/assets/images/icons/battery-full.png]
[walkfresh.co.za/wp-content/plugins/js_composer/assets/images/icons/binocular.png]
[walkfresh.co.za/wp-content/plugins/js_composer/assets/images/icons/blue-document-excel.png]
[walkfresh.co.za/wp-content/plugins/js_composer/assets/images/icons/blue-document-image.png]
[walkfresh.co.za/wp-content/plugins/js_composer/assets/images/icons/blue-document-music.png]
[walkfresh.co.za/wp-content/plugins/js_composer/assets/images/icons/blue-document-office.png]
[walkfresh.co.za/wp-content/plugins/js_composer/assets/images/icons/blue-document-pdf.png]
[walkfresh.co.za/wp-content/plugins/js_composer/assets/images/icons/blue-document-powerpoint.png]
[walkfresh.co.za/wp-content/plugins/js_composer/assets/images/icons/blue-document-word.png]
[walkfresh.co.za/wp-content/plugins/js_composer/assets/images/icons/bookmark.png]
[walkfresh.co.za/wp-content/plugins/js_composer/assets/images/icons/camcorder.png]
[walkfresh.co.za/wp-content/plugins/js_composer/assets/images/icons/camera.png]
[walkfresh.co.za/wp-content/plugins/js_composer/assets/images/icons/chart.png]
[walkfresh.co.za/wp-content/plugins/js_composer/assets/images/icons/chart-pie.png]
[walkfresh.co.za/wp-content/plugins/js_composer/assets/images/icons/clock.png]
[walkfresh.co.za/wp-content/plugins/js_composer/assets/images/icons/control.png]
[walkfresh.co.za/wp-content/plugins/js_composer/assets/images/icons/fire.png]
[walkfresh.co.za/wp-content/plugins/js_composer/assets/images/icons/heart.png]
[walkfresh.co.za/wp-content/plugins/js_composer/assets/images/icons/mail.png]
[walkfresh.co.za/wp-content/plugins/js_composer/assets/images/icons/plus-shield.png]
[walkfresh.co.za/wp-content/plugins/js_composer/assets/images/icons/video.png]
[walkfresh.co.za/wp-content/plugins/js_composer/assets/fonts/vc_icons_v2/fonts/vcpb-plugin-iconsb82a.eot]
[walkfresh.co.za/wp-content/plugins/js_composer/assets/fonts/vc_icons_v2/fonts/vcpb-plugin-iconsb82a.ttf]
[walkfresh.co.za/wp-content/plugins/js_composer/assets/fonts/vc_icons_v2/fonts/vcpb-plugin-iconsb82a.woff]
[walkfresh.co.za/wp-content/plugins/js_composer/assets/fonts/vc_icons_v2/fonts/vcpb-plugin-iconsb82a.svg]
[walkfresh.co.za/wp-content/plugins/js_composer/assets/images/toggle_open.png]
[walkfresh.co.za/wp-content/plugins/js_composer/assets/images/toggle_close.png]
[walkfresh.co.za/wp-content/plugins/js_composer/assets/images/flickr.png]
[walkfresh.co.za/wp-content/plugins/js_composer/assets/fonts/vc_grid/vc_grid_v157a1.eot]
[walkfresh.co.za/wp-content/plugins/js_composer/assets/fonts/vc_grid/vc_grid_v1d41d.eot]
[walkfresh.co.za/wp-content/plugins/js_composer/assets/fonts/vc_grid/vc_grid_v157a1.woff]
[walkfresh.co.za/wp-content/plugins/js_composer/assets/fonts/vc_grid/vc_grid_v157a1.ttf]
[walkfresh.co.za/wp-content/plugins/js_composer/assets/fonts/vc_grid/vc_grid_v157a1.svg]
[walkfresh.co.za/wp-content/plugins/js_composer/assets/images/spinner.gif]
[walkfresh.co.za/wp-content/plugins/js_composer/assets/vc/remove.png]
[walkfresh.co.za/wp-content/plugins/js_composer/assets/css/js_composer.min4245.css]
[walkfresh.co.za/wp-content/plugins/revslider/public/assets/fonts/revicons/revicons90c6.svg]
[walkfresh.co.za/wp-content/plugins/woocommerce/assets/fonts/star.svg]
[walkfresh.co.za/wp-content/plugins/woocommerce/assets/fonts/WooCommerce.svg]
[walkfresh.co.za/wp-content/plugins/woocommerce/assets/images/icons/loader.svg]
[walkfresh.co.za/wp-content/plugins/woocommerce/assets/images/icons/credit-cards/visa.svg]
[walkfresh.co.za/wp-content/plugins/woocommerce/assets/images/icons/credit-cards/mastercard.svg]
[walkfresh.co.za/wp-content/plugins/woocommerce/assets/images/icons/credit-cards/laser.svg]
[walkfresh.co.za/wp-content/plugins/woocommerce/assets/images/icons/credit-cards/diners.svg]
[walkfresh.co.za/wp-content/plugins/woocommerce/assets/images/icons/credit-cards/maestro.svg]
[walkfresh.co.za/wp-content/plugins/woocommerce/assets/images/icons/credit-cards/jcb.svg]
[walkfresh.co.za/wp-content/plugins/woocommerce/assets/images/icons/credit-cards/amex.svg]
[walkfresh.co.za/wp-content/plugins/woocommerce/assets/images/icons/credit-cards/discover.svg]
[walkfresh.co.za/wp-content/themes/betheme/fonts/mfn-icons28cd.svg]
[walkfresh.co.za/POST.html]
[walkfresh.co.za/front-page/services/linkid.html]
[walkfresh.co.za/indexe6a5.html]
[walkfresh.co.za/front-page/drop-off-points/linkid.html]
[walkfresh.co.za/index443b.html]
[walkfresh.co.za/front-page/about-us/linkid.html]
[walkfresh.co.za/indexaaca.html]
[grtesting.co.za/walk/site/wp-content/uploads/2019/05/slide.html]
[walkfresh.co.za/front-page/events/linkid.html]
[walkfresh.co.za/index6b98.html]
[walkfresh.co.za/wp-content/themes/betheme/fonts/mfn-icons28cd.ttf]
[walkfresh.co.za/wp-content/themes/betheme/js/menu7172.js]
[walkfresh.co.za/product/high-heel-shoe-shining/linkid.e7.delayed]
[walkfresh.co.za/product/high-heel-shoe-shining/feed/index.html]
[walkfresh.co.za/wp-content/plugins/woocommerce/assets/css/photoswipe/photoswipe3ab2.css]
[walkfresh.co.za/wp-content/plugins/woocommerce/assets/css/photoswipe/default-skin/default-skin3ab2.css]
[walkfresh.co.za/wp-json/oembed/1.0/embedceae.json]
[walkfresh.co.za/wp-json/oembed/1.0/embed957c]
[walkfresh.co.za/wp-content/uploads/2018/06/IMG_0138-80x80.jpg]
[walkfresh.co.za/wp-content/uploads/2018/06/03A26F0E-522C-4F77-84B5-D3E09E1479B3.jpg]
[walkfresh.co.za/wp-content/uploads/2018/06/03A26F0E-522C-4F77-84B5-D3E09E1479B3-600x626.jpg]
[walkfresh.co.za/wp-content/plugins/woocommerce/assets/js/zoom/jquery.zoom.min5a35.js]
[walkfresh.co.za/product/high-heel-shoe-shining/index539e.html]
[walkfresh.co.za/product-category/uncategorized/index.html]
[walkfresh.co.za/product/high-heel-shoe-shining/indexc042.html]
[walkfresh.co.za/wp-content/plugins/js_composer/assets/lib/bower/flexslider/jquery.flexslider-min4245.js]
[walkfresh.co.za/wp-content/plugins/woocommerce/assets/js/photoswipe/photoswipe.min0235.js]
[walkfresh.co.za/wp-content/plugins/woocommerce/assets/js/photoswipe/photoswipe-ui-default.min0235.js]
[walkfresh.co.za/wp-content/plugins/woocommerce/assets/js/frontend/single-product.min3ab2.js]
[walkfresh.co.za/product/high-heel-shoe-shining/index.html]
[walkfresh.co.za/shop/linkid.html]
[walkfresh.co.za/shop/index5e8b.html]
[walkfresh.co.za/product/sneaker-cleaning/linkid.js]
[walkfresh.co.za/product/sneaker-cleaning/feed/index.html]
[walkfresh.co.za/wp-json/oembed/1.0/embed995f.json]
[walkfresh.co.za/wp-json/oembed/1.0/embeda750]
[walkfresh.co.za/wp-content/uploads/2018/06/IMG_0330-1.jpg]
[walkfresh.co.za/wp-content/uploads/2018/06/IMG_0330-1-600x400.jpg]
[walkfresh.co.za/product/sneaker-cleaning/index.html]
[walkfresh.co.za/shop/indexc042.html]
[walkfresh.co.za/product/suede-nubuck-cleaning/linkid.js]
[walkfresh.co.za/product/sneaker-cleaning/index5e8b.html]
[walkfresh.co.za/product/sneaker-cleaning/index539e.html]
[walkfresh.co.za/product/suede-nubuck-cleaning/feed/index.html]
[walkfresh.co.za/wp-json/oembed/1.0/embed4d56.json]
[walkfresh.co.za/wp-json/oembed/1.0/embed543c]
[walkfresh.co.za/wp-content/uploads/2018/06/IMG_0330-1-80x80.jpg]
[walkfresh.co.za/wp-content/uploads/2018/06/03A26F0E-522C-4F77-84B5-D3E09E1479B3-80x80.jpg]
[walkfresh.co.za/wp-content/uploads/2018/06/IMG_0138.jpg]
[walkfresh.co.za/wp-content/uploads/2018/06/IMG_0138-600x400.jpg]
[walkfresh.co.za/product/suede-nubuck-cleaning/index.html]
[walkfresh.co.za/shop/index539e.html]
[walkfresh.co.za/cart/linkid.html]
[walkfresh.co.za/wp-content/plugins/woocommerce/assets/css/select23ab2.css]
[walkfresh.co.za/index389b.html]
[walkfresh.co.za/^([^_/indexd41d.html]
[walkfresh.co.za/restserver.html]
[walkfresh.co.za/ABCDEFGHIJKLMNOPQRSTUVWXYZabcdefghijklmnopqrstuvwxyz0123456789+/index.html]
[walkfresh.co.za/GET.html]
[walkfresh.co.za/dialog/index.html]
[walkfresh.co.za/wp-content/plugins/js_composer/assets/fonts/vc_icons_v2/fonts/vcpb-plugin-iconsb82a.svg]
[walkfresh.co.za/wp-content/plugins/js_composer/assets/vc/blur.svg]
[walkfresh.co.za/wp-content/plugins/js_composer/assets/fonts/vc_grid/vc_grid_v157a1.svg]
[walkfresh.co.za/product/high-heel-shoe-shining/linkid.html]
[walkfresh.co.za/wp-content/plugins/woocommerce/assets/css/photoswipe/photoswipe3ab2.css]
[walkfresh.co.za/wp-content/plugins/woocommerce/assets/css/photoswipe/default-skin/default-skin.png]
[walkfresh.co.za/wp-content/plugins/woocommerce/assets/css/photoswipe/default-skin/default-skin.svg]
[walkfresh.co.za/product/suede-nubuck-cleaning/indexc042.html]
[walkfresh.co.za/product/suede-nubuck-cleaning/index5e8b.html]
[walkfresh.co.za/wp-content/plugins/woocommerce/assets/css/photoswipe/default-skin/preloader.gif]
[walkfresh.co.za/wp-content/plugins/woocommerce/assets/css/photoswipe/default-skin/default-skin3ab2.css]
[walkfresh.co.za/indexef2b.html]
[walkfresh.co.za/product-category/uncategorized/feed/index.html]
[walkfresh.co.za/product-category/uncategorized/linkid.js]
[walkfresh.co.za/product-category/uncategorized/index.html]
[walkfresh.co.za/product/high-heel-shoe-shining/index539e.html]
[walkfresh.co.za/product/high-heel-shoe-shining/indexc042.html]
[walkfresh.co.za/product/sneaker-cleaning/linkid.html]
[walkfresh.co.za/index7553.html]
[walkfresh.co.za/product/sneaker-cleaning/index5e8b.html]
[walkfresh.co.za/product/sneaker-cleaning/index539e.html]
[walkfresh.co.za/product/suede-nubuck-cleaning/linkid.html]
[walkfresh.co.za/indexe7e4.html]
[walkfresh.co.za/product/suede-nubuck-cleaning/index5e8b.html]
[walkfresh.co.za/product/suede-nubuck-cleaning/indexc042.html]
[walkfresh.co.za/wp-content/plugins/woocommerce/assets/css/photoswipe/default-skin/default-skin.svg]
[walkfresh.co.za/product-category/uncategorized/linkid.html]
[walkfresh.co.za/product-category/uncategorized/index5e8b.html]
[walkfresh.co.za/product-category/uncategorized/index5e8b.html]
[walkfresh.co.za/product-category/uncategorized/index539e.html]
[walkfresh.co.za/product-category/uncategorized/indexc042.html]
[walkfresh.co.za/product-category/uncategorized/indexc042.html]
[walkfresh.co.za/product-category/uncategorized/index539e.html]
